
> @nsxservicos/cli@2.0.0 build
> tsc && node scripts/copy-assets.js

src/bootstrap/bootstrap.ts(36,10): error TS2305: Module '"../core/ast/operations/add-controller.operation"' has no exported member 'AddControllerOperation'.
src/core/crud/executors/add-controller.executor.ts(4,10): error TS2305: Module '"../../ast/operations/add-controller.operation"' has no exported member 'AddControllerOperation'.
src/core/fix/fix-executor.ts(3,10): error TS2305: Module '"../ast/operations/add-controller.operation"' has no exported member 'AddControllerOperation'.
src/generators/resource.generator.ts(4,10): error TS2305: Module '"../core/ast/operations/add-controller.operation"' has no exported member 'AddControllerOperation'.
